Archive member included because of file (symbol)

f:/eclipse/gcc/bin/../lib/gcc/arm-none-eabi/4.9.3/../../../../arm-none-eabi/lib/armv7-m\libg.a(lib_a-memcmp.o)
                              ./lwip-1.4.1/src/netif/etharp.o (memcmp)
f:/eclipse/gcc/bin/../lib/gcc/arm-none-eabi/4.9.3/../../../../arm-none-eabi/lib/armv7-m\libg.a(lib_a-memcpy.o)
                              ./lwip-1.4.1/src/netif/etharp.o (memcpy)
f:/eclipse/gcc/bin/../lib/gcc/arm-none-eabi/4.9.3/../../../../arm-none-eabi/lib/armv7-m\libg.a(lib_a-memset.o)
                              ./lwip-1.4.1/src/core/ipv4/ip_frag.o (memset)
f:/eclipse/gcc/bin/../lib/gcc/arm-none-eabi/4.9.3/../../../../arm-none-eabi/lib/armv7-m\libg.a(lib_a-printf.o)
                              ./lwip-1.4.1/src/core/stats.o (printf)
f:/eclipse/gcc/bin/../lib/gcc/arm-none-eabi/4.9.3/../../../../arm-none-eabi/lib/armv7-m\libg.a(lib_a-strlen.o)
                              ./lwip-1.4.1/src/core/pbuf.o (strlen)
f:/eclipse/gcc/bin/../lib/gcc/arm-none-eabi/4.9.3/../../../../arm-none-eabi/lib/armv7-m\libg.a(lib_a-vfprintf.o)
                              f:/eclipse/gcc/bin/../lib/gcc/arm-none-eabi/4.9.3/../../../../arm-none-eabi/lib/armv7-m\libg.a(lib_a-printf.o) (_vfprintf_r)
f:/eclipse/gcc/bin/../lib/gcc/arm-none-eabi/4.9.3/../../../../arm-none-eabi/lib/armv7-m\libg.a(lib_a-wsetup.o)
                              f:/eclipse/gcc/bin/../lib/gcc/arm-none-eabi/4.9.3/../../../../arm-none-eabi/lib/armv7-m\libg.a(lib_a-vfprintf.o) (__swsetup_r)
f:/eclipse/gcc/bin/../lib/gcc/arm-none-eabi/4.9.3/../../../../arm-none-eabi/lib/armv7-m\libg.a(lib_a-dtoa.o)
                              f:/eclipse/gcc/bin/../lib/gcc/arm-none-eabi/4.9.3/../../../../arm-none-eabi/lib/armv7-m\libg.a(lib_a-vfprintf.o) (_dtoa_r)
f:/eclipse/gcc/bin/../lib/gcc/arm-none-eabi/4.9.3/../../../../arm-none-eabi/lib/armv7-m\libg.a(lib_a-fflush.o)
                              f:/eclipse/gcc/bin/../lib/gcc/arm-none-eabi/4.9.3/../../../../arm-none-eabi/lib/armv7-m\libg.a(lib_a-vfprintf.o) (_fflush_r)
f:/eclipse/gcc/bin/../lib/gcc/arm-none-eabi/4.9.3/../../../../arm-none-eabi/lib/armv7-m\libg.a(lib_a-findfp.o)
                              f:/eclipse/gcc/bin/../lib/gcc/arm-none-eabi/4.9.3/../../../../arm-none-eabi/lib/armv7-m\libg.a(lib_a-vfprintf.o) (__sinit)
f:/eclipse/gcc/bin/../lib/gcc/arm-none-eabi/4.9.3/../../../../arm-none-eabi/lib/armv7-m\libg.a(lib_a-freer.o)
                              f:/eclipse/gcc/bin/../lib/gcc/arm-none-eabi/4.9.3/../../../../arm-none-eabi/lib/armv7-m\libg.a(lib_a-wsetup.o) (_free_r)
f:/eclipse/gcc/bin/../lib/gcc/arm-none-eabi/4.9.3/../../../../arm-none-eabi/lib/armv7-m\libg.a(lib_a-fwalk.o)
                              f:/eclipse/gcc/bin/../lib/gcc/arm-none-eabi/4.9.3/../../../../arm-none-eabi/lib/armv7-m\libg.a(lib_a-findfp.o) (_fwalk)
f:/eclipse/gcc/bin/../lib/gcc/arm-none-eabi/4.9.3/../../../../arm-none-eabi/lib/armv7-m\libg.a(lib_a-impure.o)
                              f:/eclipse/gcc/bin/../lib/gcc/arm-none-eabi/4.9.3/../../../../arm-none-eabi/lib/armv7-m\libg.a(lib_a-fflush.o) (_global_impure_ptr)
f:/eclipse/gcc/bin/../lib/gcc/arm-none-eabi/4.9.3/../../../../arm-none-eabi/lib/armv7-m\libg.a(lib_a-locale.o)
                              f:/eclipse/gcc/bin/../lib/gcc/arm-none-eabi/4.9.3/../../../../arm-none-eabi/lib/armv7-m\libg.a(lib_a-vfprintf.o) (_localeconv_r)
f:/eclipse/gcc/bin/../lib/gcc/arm-none-eabi/4.9.3/../../../../arm-none-eabi/lib/armv7-m\libg.a(lib_a-makebuf.o)
                              f:/eclipse/gcc/bin/../lib/gcc/arm-none-eabi/4.9.3/../../../../arm-none-eabi/lib/armv7-m\libg.a(lib_a-wsetup.o) (__smakebuf_r)
f:/eclipse/gcc/bin/../lib/gcc/arm-none-eabi/4.9.3/../../../../arm-none-eabi/lib/armv7-m\libg.a(lib_a-mallocr.o)
                              f:/eclipse/gcc/bin/../lib/gcc/arm-none-eabi/4.9.3/../../../../arm-none-eabi/lib/armv7-m\libg.a(lib_a-findfp.o) (_malloc_r)
f:/eclipse/gcc/bin/../lib/gcc/arm-none-eabi/4.9.3/../../../../arm-none-eabi/lib/armv7-m\libg.a(lib_a-memchr.o)
                              f:/eclipse/gcc/bin/../lib/gcc/arm-none-eabi/4.9.3/../../../../arm-none-eabi/lib/armv7-m\libg.a(lib_a-vfprintf.o) (memchr)
f:/eclipse/gcc/bin/../lib/gcc/arm-none-eabi/4.9.3/../../../../arm-none-eabi/lib/armv7-m\libg.a(lib_a-mlock.o)
                              f:/eclipse/gcc/bin/../lib/gcc/arm-none-eabi/4.9.3/../../../../arm-none-eabi/lib/armv7-m\libg.a(lib_a-freer.o) (__malloc_lock)
f:/eclipse/gcc/bin/../lib/gcc/arm-none-eabi/4.9.3/../../../../arm-none-eabi/lib/armv7-m\libg.a(lib_a-mprec.o)
                              f:/eclipse/gcc/bin/../lib/gcc/arm-none-eabi/4.9.3/../../../../arm-none-eabi/lib/armv7-m\libg.a(lib_a-dtoa.o) (_Balloc)
f:/eclipse/gcc/bin/../lib/gcc/arm-none-eabi/4.9.3/../../../../arm-none-eabi/lib/armv7-m\libg.a(lib_a-s_fpclassify.o)
                              f:/eclipse/gcc/bin/../lib/gcc/arm-none-eabi/4.9.3/../../../../arm-none-eabi/lib/armv7-m\libg.a(lib_a-vfprintf.o) (__fpclassifyd)
[...]
Memory Configuration

Name             Origin             Length             Attributes
RAM              0x20000000         0x00010000         xrw
FLASH            0x08000000         0x00040000         xr
*default*        0x00000000         0xffffffff

Linker script and memory map

LOAD ./startup/startup_stm32f10x_cl.o
LOAD ./src/misc.o
LOAD ./src/stm32f107.o
LOAD ./src/stm32f10x_adc.o
LOAD ./src/stm32f10x_bkp.o
LOAD ./src/stm32f10x_can.o
LOAD ./src/stm32f10x_cec.o
LOAD ./src/stm32f10x_crc.o
LOAD ./src/stm32f10x_dac.o
LOAD ./src/stm32f10x_dbgmcu.o
LOAD ./src/stm32f10x_dma.o
LOAD ./src/stm32f10x_exti.o
LOAD ./src/stm32f10x_flash.o
LOAD ./src/stm32f10x_fsmc.o
LOAD ./src/stm32f10x_gpio.o
LOAD ./src/stm32f10x_i2c.o
LOAD ./src/stm32f10x_iwdg.o
LOAD ./src/stm32f10x_pwr.o
LOAD ./src/stm32f10x_rcc.o
LOAD ./src/stm32f10x_rtc.o
LOAD ./src/stm32f10x_sdio.o
LOAD ./src/stm32f10x_spi.o
LOAD ./src/stm32f10x_tim.o
LOAD ./src/stm32f10x_usart.o
LOAD ./src/stm32f10x_wwdg.o
LOAD ./lwip-1.4.1/src/netif/ppp/auth.o
LOAD ./lwip-1.4.1/src/netif/ppp/chap.o
LOAD ./lwip-1.4.1/src/netif/ppp/chpms.o
LOAD ./lwip-1.4.1/src/netif/ppp/fsm.o
LOAD ./lwip-1.4.1/src/netif/ppp/ipcp.o
LOAD ./lwip-1.4.1/src/netif/ppp/lcp.o
LOAD ./lwip-1.4.1/src/netif/ppp/magic.o
LOAD ./lwip-1.4.1/src/netif/ppp/md5.o
LOAD ./lwip-1.4.1/src/netif/ppp/pap.o
LOAD ./lwip-1.4.1/src/netif/ppp/ppp.o
LOAD ./lwip-1.4.1/src/netif/ppp/ppp_oe.o
LOAD ./lwip-1.4.1/src/netif/ppp/randm.o
LOAD ./lwip-1.4.1/src/netif/ppp/vj.o
LOAD ./lwip-1.4.1/src/netif/etharp.o
LOAD ./lwip-1.4.1/src/netif/slipif.o
LOAD ./lwip-1.4.1/src/core/snmp/asn1_dec.o
LOAD ./lwip-1.4.1/src/core/snmp/asn1_enc.o
LOAD ./lwip-1.4.1/src/core/snmp/mib2.o
LOAD ./lwip-1.4.1/src/core/snmp/mib_structs.o
LOAD ./lwip-1.4.1/src/core/snmp/msg_in.o
LOAD ./lwip-1.4.1/src/core/snmp/msg_out.o
LOAD ./lwip-1.4.1/src/core/ipv4/autoip.o
LOAD ./lwip-1.4.1/src/core/ipv4/icmp.o
LOAD ./lwip-1.4.1/src/core/ipv4/igmp.o
LOAD ./lwip-1.4.1/src/core/ipv4/inet.o
LOAD ./lwip-1.4.1/src/core/ipv4/inet_chksum.o
LOAD ./lwip-1.4.1/src/core/ipv4/ip.o
LOAD ./lwip-1.4.1/src/core/ipv4/ip_addr.o
LOAD ./lwip-1.4.1/src/core/ipv4/ip_frag.o
LOAD ./lwip-1.4.1/src/core/def.o
LOAD ./lwip-1.4.1/src/core/dhcp.o
LOAD ./lwip-1.4.1/src/core/dns.o
LOAD ./lwip-1.4.1/src/core/init.o
LOAD ./lwip-1.4.1/src/core/mem.o
LOAD ./lwip-1.4.1/src/core/memp.o
LOAD ./lwip-1.4.1/src/core/netif.o
LOAD ./lwip-1.4.1/src/core/pbuf.o
LOAD ./lwip-1.4.1/src/core/raw.o
LOAD ./lwip-1.4.1/src/core/stats.o
LOAD ./lwip-1.4.1/src/core/sys.o
LOAD ./lwip-1.4.1/src/core/tcp.o
LOAD ./lwip-1.4.1/src/core/tcp_in.o
LOAD ./lwip-1.4.1/src/core/tcp_out.o
LOAD ./lwip-1.4.1/src/core/timers.o
LOAD ./lwip-1.4.1/src/core/udp.o
LOAD ./lwip-1.4.1/src/api/api_lib.o
LOAD ./lwip-1.4.1/src/api/api_msg.o
LOAD ./lwip-1.4.1/src/api/err.o
LOAD ./lwip-1.4.1/src/api/netbuf.o
LOAD ./lwip-1.4.1/src/api/netdb.o
LOAD ./lwip-1.4.1/src/api/netifapi.o
LOAD ./lwip-1.4.1/src/api/sockets.o
LOAD ./lwip-1.4.1/src/api/tcpip.o
LOAD ./lwip-1.4.1/port/ethernetif.o
LOAD ./cmsis/core_cm3.o
LOAD ./cmsis/system_stm32f10x.o
LOAD ./STM32_ETH_Driver/src/stm32_eth.o
LOAD ./STM32F107_BSP_Driver/src/stm32f107_eth_bsp.o
LOAD ./ETH_Options/src/netconf.o
LOAD ./main.o
LOAD ./modbus.o
START GROUP
LOAD f:/eclipse/gcc/bin/../lib/gcc/arm-none-eabi/4.9.3/armv7-m\libgcc.a
LOAD f:/eclipse/gcc/bin/../lib/gcc/arm-none-eabi/4.9.3/../../../../arm-none-eabi/lib/armv7-m\libg.a
LOAD f:/eclipse/gcc/bin/../lib/gcc/arm-none-eabi/4.9.3/../../../../arm-none-eabi/lib/armv7-m\libc.a
END GROUP

.text           0x08000000     0x9106
 *(.isr_vectors)
 .isr_vectors   0x08000000      0x154 ./startup/startup_stm32f10x_cl.o
                0x08000000                g_pfnVectors
 *(.text)
 .text          0x08000154       0xec f:/eclipse/gcc/bin/../lib/gcc/arm-none-eabi/4.9.3/../../../../arm-none-eabi/lib/armv7-m\libg.a(lib_a-memcpy.o)
                0x08000154                memcpy
 *(.text.*)
 .text.Default_Reset_Handler
                0x08000240       0x5c ./startup/startup_stm32f10x_cl.o
                0x08000240                Default_Reset_Handler
                0x08000240                Reset_Handler
 .text.Default_Handler
                0x0800029c        0x8 ./startup/startup_stm32f10x_cl.o
                0x0800029c                EXTI2_IRQHandler
                0x0800029c                DebugMon_Handler
                0x0800029c                TIM1_CC_IRQHandler
                0x0800029c                TIM6_IRQHandler
                0x0800029c                SysTick_Handler
                0x0800029c                PVD_IRQHandler
                0x0800029c                PendSV_Handler
                0x0800029c                NMI_Handler
                0x0800029c                CAN2_RX1_IRQHandler
                0x0800029c                EXTI3_IRQHandler
                0x0800029c                EXTI0_IRQHandler
                0x0800029c                I2C2_EV_IRQHandler
                0x0800029c                CAN1_RX0_IRQHandler
                0x0800029c                UsageFault_Handler
                0x0800029c                CAN2_SCE_IRQHandler
                0x0800029c                ADC1_2_IRQHandler
                0x0800029c                SPI1_IRQHandler
                0x0800029c                TAMPER_IRQHandler
                0x0800029c                CAN2_RX0_IRQHandler
                0x0800029c                DMA2_Channel2_IRQHandler
                0x0800029c                DMA1_Channel4_IRQHandler
                0x0800029c                USART3_IRQHandler
                0x0800029c                RTC_IRQHandler
                0x0800029c                DMA1_Channel7_IRQHandler
                0x0800029c                CAN1_RX1_IRQHandler
                0x0800029c                UART5_IRQHandler
                0x0800029c                TIM4_IRQHandler
                0x0800029c                DMA2_Channel1_IRQHandler
                0x0800029c                I2C1_EV_IRQHandler
                0x0800029c                DMA1_Channel6_IRQHandler
                0x0800029c                UART4_IRQHandler
                0x0800029c                DMA2_Channel4_IRQHandler
                0x0800029c                TIM3_IRQHandler
                0x0800029c                RCC_IRQHandler
                0x0800029c                TIM1_TRG_COM_IRQHandler
                0x0800029c                DMA1_Channel1_IRQHandler
                0x0800029c                EXTI15_10_IRQHandler
                0x0800029c                TIM7_IRQHandler
                0x0800029c                CAN2_TX_IRQHandler
                0x0800029c                TIM5_IRQHandler
                0x0800029c                EXTI9_5_IRQHandler
                0x0800029c                ETH_WKUP_IRQHandler
                0x0800029c                SPI2_IRQHandler
                0x0800029c                MemManage_Handler
                0x0800029c                CAN1_TX_IRQHandler
                0x0800029c                SVC_Handler
                0x0800029c                DMA2_Channel5_IRQHandler
                0x0800029c                DMA1_Channel5_IRQHandler
                0x0800029c                EXTI4_IRQHandler
                0x0800029c                DMA1_Channel3_IRQHandler
                0x0800029c                ETH_IRQHandler
                0x0800029c                TIM1_UP_IRQHandler
                0x0800029c                WWDG_IRQHandler
                0x0800029c                TIM2_IRQHandler
                0x0800029c                OTG_FS_WKUP_IRQHandler
                0x0800029c                TIM1_BRK_IRQHandler
                0x0800029c                EXTI1_IRQHandler
                0x0800029c                RTCAlarm_IRQHandler
                0x0800029c                USART2_IRQHandler
                0x0800029c                I2C2_ER_IRQHandler
                0x0800029c                DMA1_Channel2_IRQHandler
                0x0800029c                CAN1_SCE_IRQHandler
                0x0800029c                FLASH_IRQHandler
                0x0800029c                BusFault_Handler
                0x0800029c                USART1_IRQHandler
                0x0800029c                OTG_FS_IRQHandler
                0x0800029c                SPI3_IRQHandler
                0x0800029c                I2C1_ER_IRQHandler
                0x0800029c                DMA2_Channel3_IRQHandler
 .text.NVIC_PriorityGroupConfig
                0x080002a4       0x24 ./src/misc.o
                0x080002a4                NVIC_PriorityGroupConfig
 .text.NVIC_Init
                0x080002c8       0xc4 ./src/misc.o
                0x080002c8                NVIC_Init
 .text.delay_ms
                0x0800038c       0x4c ./src/stm32f107.o
                0x0800038c                delay_ms
 .text.GPIO_Init
                0x080003d8      0x180 ./src/stm32f10x_gpio.o
                0x080003d8                GPIO_Init
 .text.GPIO_SetBits
                0x08000558       0x1c ./src/stm32f10x_gpio.o
                0x08000558                GPIO_SetBits
 .text.GPIO_ResetBits
                0x08000574       0x1c ./src/stm32f10x_gpio.o
                0x08000574                GPIO_ResetBits
 .text.GPIO_ETH_MediaInterfaceConfig
                0x08000590       0x1c ./src/stm32f10x_gpio.o
                0x08000590                GPIO_ETH_MediaInterfaceConfig
 .text.RCC_GetClocksFreq
                0x080005ac      0x1cc ./src/stm32f10x_rcc.o
                0x080005ac                RCC_GetClocksFreq
 .text.RCC_AHBPeriphClockCmd
                0x08000778       0x3c ./src/stm32f10x_rcc.o
                0x08000778                RCC_AHBPeriphClockCmd
 .text.RCC_APB2PeriphClockCmd
                0x080007b4       0x3c ./src/stm32f10x_rcc.o
                0x080007b4                RCC_APB2PeriphClockCmd
 .text.RCC_APB1PeriphClockCmd
                0x080007f0       0x3c ./src/stm32f10x_rcc.o
                0x080007f0                RCC_APB1PeriphClockCmd
 .text.RCC_AHBPeriphResetCmd
                0x0800082c       0x3c ./src/stm32f10x_rcc.o
                0x0800082c                RCC_AHBPeriphResetCmd
 .text.free_etharp_q
                0x08000868       0x34 ./lwip-1.4.1/src/netif/etharp.o
 .text.etharp_free_entry
                0x0800089c      0x114 ./lwip-1.4.1/src/netif/etharp.o
 .text.etharp_tmr
                0x080009b0       0xe4 ./lwip-1.4.1/src/netif/etharp.o
                0x080009b0                etharp_tmr
 .text.etharp_find_entry
                0x08000a94      0x1fc ./lwip-1.4.1/src/netif/etharp.o
 .text.etharp_send_ip
                0x08000c90       0x50 ./lwip-1.4.1/src/netif/etharp.o
 .text.etharp_update_arp_entry
                0x08000ce0      0x130 ./lwip-1.4.1/src/netif/etharp.o
 .text.etharp_ip_input
                0x08000e10       0x54 ./lwip-1.4.1/src/netif/etharp.o
 .text.etharp_arp_input
                0x08000e64      0x1d0 ./lwip-1.4.1/src/netif/etharp.o
 .text.etharp_output_to_arp_index
                0x08001034       0xa8 ./lwip-1.4.1/src/netif/etharp.o
 .text.etharp_output
                0x080010dc      0x1a8 ./lwip-1.4.1/src/netif/etharp.o
                0x080010dc                etharp_output
 .text.etharp_query
                0x08001284      0x27c ./lwip-1.4.1/src/netif/etharp.o
                0x08001284                etharp_query
 .text.etharp_raw
                0x08001500      0x10c ./lwip-1.4.1/src/netif/etharp.o
 .text.etharp_request
                0x0800160c       0x48 ./lwip-1.4.1/src/netif/etharp.o
                0x0800160c                etharp_request
 .text.ethernet_input
                0x08001654      0x130 ./lwip-1.4.1/src/netif/etharp.o
                0x08001654                ethernet_input
 .text.icmp_input
                0x08001784      0x244 ./lwip-1.4.1/src/core/ipv4/icmp.o
                0x08001784                icmp_input
 .text.icmp_dest_unreach
                0x080019c8       0x20 ./lwip-1.4.1/src/core/ipv4/icmp.o
                0x080019c8                icmp_dest_unreach
 .text.icmp_time_exceeded
                0x080019e8       0x20 ./lwip-1.4.1/src/core/ipv4/icmp.o
                0x080019e8                icmp_time_exceeded
 .text.icmp_send_response
                0x08001a08       0xbc ./lwip-1.4.1/src/core/ipv4/icmp.o
 .text.lwip_standard_chksum
                0x08001ac4       0xbc ./lwip-1.4.1/src/core/ipv4/inet_chksum.o
 .text.inet_chksum
                0x08001b80       0x24 ./lwip-1.4.1/src/core/ipv4/inet_chksum.o
                0x08001b80                inet_chksum
 .text.inet_chksum_pbuf
                0x08001ba4       0x98 ./lwip-1.4.1/src/core/ipv4/inet_chksum.o
                0x08001ba4                inet_chksum_pbuf
 .text.ip_route
                0x08001c3c       0x88 ./lwip-1.4.1/src/core/ipv4/ip.o
                0x08001c3c                ip_route
 .text.ip_input
                0x08001cc4      0x27c ./lwip-1.4.1/src/core/ipv4/ip.o
                0x08001cc4                ip_input
 .text.ip_output_if
                0x08001f40      0x138 ./lwip-1.4.1/src/core/ipv4/ip.o
                0x08001f40                ip_output_if
 .text.ip_output
                0x08002078       0x5c ./lwip-1.4.1/src/core/ipv4/ip.o
                0x08002078                ip_output
 .text.ip4_addr_isbroadcast
                0x080020d4       0x78 ./lwip-1.4.1/src/core/ipv4/ip_addr.o
                0x080020d4                ip4_addr_isbroadcast
 .text.ip_reass_free_complete_datagram
                0x0800214c       0xc4 ./lwip-1.4.1/src/core/ipv4/ip_frag.o
 .text.ip_reass_remove_oldest_datagram
                0x08002210       0xb8 ./lwip-1.4.1/src/core/ipv4/ip_frag.o
 .text.ip_reass_enqueue_new_datagram
                0x080022c8       0x84 ./lwip-1.4.1/src/core/ipv4/ip_frag.o
 .text.ip_reass_dequeue_datagram
                0x0800234c       0x38 ./lwip-1.4.1/src/core/ipv4/ip_frag.o
 .text.ip_reass_chain_frag_into_datagram_and_validate
                0x08002384      0x204 ./lwip-1.4.1/src/core/ipv4/ip_frag.o
 .text.ip_reass
                0x08002588      0x280 ./lwip-1.4.1/src/core/ipv4/ip_frag.o
                0x08002588                ip_reass
 .text.ip_frag_alloc_pbuf_custom_ref
                0x08002808       0x10 ./lwip-1.4.1/src/core/ipv4/ip_frag.o
 .text.ip_frag_free_pbuf_custom_ref
                0x08002818       0x18 ./lwip-1.4.1/src/core/ipv4/ip_frag.o
 .text.ipfrag_free_pbuf_custom
                0x08002830       0x2c ./lwip-1.4.1/src/core/ipv4/ip_frag.o
 .text.ip_frag  0x0800285c      0x208 ./lwip-1.4.1/src/core/ipv4/ip_frag.o
                0x0800285c                ip_frag
 .text.lwip_htons
                0x08002a64       0x2c ./lwip-1.4.1/src/core/def.o
                0x08002a64                lwip_htons
 .text.lwip_ntohs
                0x08002a90       0x1c ./lwip-1.4.1/src/core/def.o
                0x08002a90                lwip_ntohs
 .text.lwip_htonl
                0x08002aac       0x34 ./lwip-1.4.1/src/core/def.o
                0x08002aac                lwip_htonl
 .text.lwip_ntohl
                0x08002ae0       0x18 ./lwip-1.4.1/src/core/def.o
                0x08002ae0                lwip_ntohl
 .text.plug_holes
                0x08002af8       0xbc ./lwip-1.4.1/src/core/mem.o
 .text.mem_init
                0x08002bb4       0x88 ./lwip-1.4.1/src/core/mem.o
                0x08002bb4                mem_init
 .text.mem_free
                0x08002c3c       0x98 ./lwip-1.4.1/src/core/mem.o
                0x08002c3c                mem_free
 .text.mem_trim
                0x08002cd4      0x1bc ./lwip-1.4.1/src/core/mem.o
                0x08002cd4                mem_trim
 .text.mem_malloc
                0x08002e90      0x1d8 ./lwip-1.4.1/src/core/mem.o
                0x08002e90                mem_malloc
 .text.memp_init
                0x08003068       0xfc ./lwip-1.4.1/src/core/memp.o
                0x08003068                memp_init
 .text.memp_malloc
                0x08003164       0xf4 ./lwip-1.4.1/src/core/memp.o
                0x08003164                memp_malloc
 .text.memp_free
                0x08003258       0x6c ./lwip-1.4.1/src/core/memp.o
                0x08003258                memp_free
 .text.netif_add
                0x080032c4       0x84 ./lwip-1.4.1/src/core/netif.o
                0x080032c4                netif_add
 .text.netif_set_addr
                0x08003348       0x2c ./lwip-1.4.1/src/core/netif.o
                0x08003348                netif_set_addr
 .text.netif_set_ipaddr
                0x08003374       0xb0 ./lwip-1.4.1/src/core/netif.o
                0x08003374                netif_set_ipaddr
 .text.netif_set_gw
                0x08003424       0x28 ./lwip-1.4.1/src/core/netif.o
                0x08003424                netif_set_gw
 .text.netif_set_netmask
                0x0800344c       0x28 ./lwip-1.4.1/src/core/netif.o
                0x0800344c                netif_set_netmask
 .text.netif_set_default
                0x08003474       0x1c ./lwip-1.4.1/src/core/netif.o
                0x08003474                netif_set_default
 .text.pbuf_pool_is_empty
                0x08003490       0x18 ./lwip-1.4.1/src/core/pbuf.o
 .text.pbuf_alloc
                0x080034a8      0x200 ./lwip-1.4.1/src/core/pbuf.o
                0x080034a8                pbuf_alloc
 .text.pbuf_alloced_custom
                0x080036a8       0xb4 ./lwip-1.4.1/src/core/pbuf.o
                0x080036a8                pbuf_alloced_custom
 .text.pbuf_realloc
                0x0800375c       0xc8 ./lwip-1.4.1/src/core/pbuf.o
                0x0800375c                pbuf_realloc
 .text.pbuf_header
                0x08003824       0xe0 ./lwip-1.4.1/src/core/pbuf.o
                0x08003824                pbuf_header
 .text.pbuf_free
                0x08003904       0xb8 ./lwip-1.4.1/src/core/pbuf.o
                0x08003904                pbuf_free
 .text.pbuf_clen
                0x080039bc       0x30 ./lwip-1.4.1/src/core/pbuf.o
                0x080039bc                pbuf_clen
 .text.pbuf_ref
                0x080039ec       0x24 ./lwip-1.4.1/src/core/pbuf.o
                0x080039ec                pbuf_ref
 .text.pbuf_cat
                0x08003a10       0x5c ./lwip-1.4.1/src/core/pbuf.o
                0x08003a10                pbuf_cat
 .text.pbuf_copy
                0x08003a6c      0x110 ./lwip-1.4.1/src/core/pbuf.o
                0x08003a6c                pbuf_copy
 .text.pbuf_copy_partial
                0x08003b7c       0xcc ./lwip-1.4.1/src/core/pbuf.o
                0x08003b7c                pbuf_copy_partial
 .text.raw_input
                0x08003c48       0xc0 ./lwip-1.4.1/src/core/raw.o
                0x08003c48                raw_input
 .text.tcp_tmr  0x08003d08       0x2c ./lwip-1.4.1/src/core/tcp.o
                0x08003d08                tcp_tmr
 .text.tcp_close_shutdown
                0x08003d34      0x250 ./lwip-1.4.1/src/core/tcp.o
 .text.tcp_close
                0x08003f84       0x30 ./lwip-1.4.1/src/core/tcp.o
                0x08003f84                tcp_close
 .text.tcp_abandon
                0x08003fb4       0xd0 ./lwip-1.4.1/src/core/tcp.o
                0x08003fb4                tcp_abandon
 .text.tcp_abort
                0x08004084       0x18 ./lwip-1.4.1/src/core/tcp.o
                0x08004084                tcp_abort
 .text.tcp_update_rcv_ann_wnd
                0x0800409c       0x84 ./lwip-1.4.1/src/core/tcp.o
                0x0800409c                tcp_update_rcv_ann_wnd
 .text.tcp_recved
                0x08004120       0x5c ./lwip-1.4.1/src/core/tcp.o
                0x08004120                tcp_recved
 .text.tcp_slowtmr
                0x0800417c      0x464 ./lwip-1.4.1/src/core/tcp.o
                0x0800417c                tcp_slowtmr
 .text.tcp_fasttmr
                0x080045e0       0xa0 ./lwip-1.4.1/src/core/tcp.o
                0x080045e0                tcp_fasttmr
 .text.tcp_process_refused_data
                0x08004680       0xd0 ./lwip-1.4.1/src/core/tcp.o
                0x08004680                tcp_process_refused_data
 .text.tcp_segs_free
                0x08004750       0x28 ./lwip-1.4.1/src/core/tcp.o
                0x08004750                tcp_segs_free
 .text.tcp_seg_free
                0x08004778       0x30 ./lwip-1.4.1/src/core/tcp.o
                0x08004778                tcp_seg_free
 .text.tcp_seg_copy
                0x080047a8       0x38 ./lwip-1.4.1/src/core/tcp.o
                0x080047a8                tcp_seg_copy
 .text.tcp_recv_null
                0x080047e0       0x48 ./lwip-1.4.1/src/core/tcp.o
                0x080047e0                tcp_recv_null
 .text.tcp_kill_prio
                0x08004828       0x80 ./lwip-1.4.1/src/core/tcp.o
 .text.tcp_kill_timewait
                0x080048a8       0x5c ./lwip-1.4.1/src/core/tcp.o
 .text.tcp_alloc
                0x08004904      0x144 ./lwip-1.4.1/src/core/tcp.o
                0x08004904                tcp_alloc
 .text.tcp_pcb_purge
                0x08004a48       0xd4 ./lwip-1.4.1/src/core/tcp.o
                0x08004a48                tcp_pcb_purge
 .text.tcp_pcb_remove
                0x08004b1c       0xa8 ./lwip-1.4.1/src/core/tcp.o
                0x08004b1c                tcp_pcb_remove
 .text.tcp_next_iss
                0x08004bc4       0x28 ./lwip-1.4.1/src/core/tcp.o
                0x08004bc4                tcp_next_iss
 .text.tcp_eff_send_mss
                0x08004bec       0x40 ./lwip-1.4.1/src/core/tcp.o
                0x08004bec                tcp_eff_send_mss
 .text.tcp_input
                0x08004c2c      0x670 ./lwip-1.4.1/src/core/tcp_in.o
                0x08004c2c                tcp_input
 .text.tcp_listen_input
                0x0800529c      0x1c0 ./lwip-1.4.1/src/core/tcp_in.o
 .text.tcp_timewait_input
                0x0800545c       0xd8 ./lwip-1.4.1/src/core/tcp_in.o
 .text.tcp_process
                0x08005534      0x6b8 ./lwip-1.4.1/src/core/tcp_in.o
 .text.tcp_oos_insert_segment
                0x08005bec       0xec ./lwip-1.4.1/src/core/tcp_in.o
 .text.tcp_receive
                0x08005cd8      0xe54 ./lwip-1.4.1/src/core/tcp_in.o
 .text.tcp_parseopt
                0x08006b2c      0x104 ./lwip-1.4.1/src/core/tcp_in.o
 .text.tcp_output_alloc_header
                0x08006c30       0xd0 ./lwip-1.4.1/src/core/tcp_out.o
 .text.tcp_send_fin
                0x08006d00       0x80 ./lwip-1.4.1/src/core/tcp_out.o
                0x08006d00                tcp_send_fin
 .text.tcp_create_segment
                0x08006d80      0x11c ./lwip-1.4.1/src/core/tcp_out.o
 .text.tcp_enqueue_flags
                0x08006e9c      0x1c8 ./lwip-1.4.1/src/core/tcp_out.o
                0x08006e9c                tcp_enqueue_flags
 .text.tcp_send_empty_ack
                0x08007064       0x74 ./lwip-1.4.1/src/core/tcp_out.o
                0x08007064                tcp_send_empty_ack
 .text.tcp_output
                0x080070d8      0x2a8 ./lwip-1.4.1/src/core/tcp_out.o
                0x080070d8                tcp_output
 .text.tcp_output_segment
                0x08007380      0x15c ./lwip-1.4.1/src/core/tcp_out.o
 .text.tcp_rst  0x080074dc       0xc8 ./lwip-1.4.1/src/core/tcp_out.o
                0x080074dc                tcp_rst
 .text.tcp_rexmit_rto
                0x080075a4       0x60 ./lwip-1.4.1/src/core/tcp_out.o
                0x080075a4                tcp_rexmit_rto
 .text.tcp_rexmit
                0x08007604       0x94 ./lwip-1.4.1/src/core/tcp_out.o
                0x08007604                tcp_rexmit
 .text.tcp_rexmit_fast
                0x08007698       0xa4 ./lwip-1.4.1/src/core/tcp_out.o
                0x08007698                tcp_rexmit_fast
 .text.tcp_keepalive
                0x0800773c       0x68 ./lwip-1.4.1/src/core/tcp_out.o
                0x0800773c                tcp_keepalive
 .text.tcp_zero_window_probe
                0x080077a4      0x100 ./lwip-1.4.1/src/core/tcp_out.o
                0x080077a4                tcp_zero_window_probe
 .text.tcpip_tcp_timer
                0x080078a4       0x44 ./lwip-1.4.1/src/core/timers.o
 .text.tcp_timer_needed
                0x080078e8       0x40 ./lwip-1.4.1/src/core/timers.o
                0x080078e8                tcp_timer_needed
 .text.sys_timeout
                0x08007928       0xdc ./lwip-1.4.1/src/core/timers.o
                0x08007928                sys_timeout
 .text.udp_input
                0x08007a04      0x288 ./lwip-1.4.1/src/core/udp.o
                0x08007a04                udp_input
 .text.Set_MAC_Address
                0x08007c8c       0x4c ./lwip-1.4.1/port/ethernetif.o
                0x08007c8c                Set_MAC_Address
 .text.low_level_init
                0x08007cd8       0xd4 ./lwip-1.4.1/port/ethernetif.o
 .text.low_level_output
                0x08007dac       0x64 ./lwip-1.4.1/port/ethernetif.o
 .text.ethernetif_init
                0x08007e10       0x60 ./lwip-1.4.1/port/ethernetif.o
                0x08007e10                ethernetif_init
 .text.ETH_TxPkt_ChainMode
                0x08007e70       0x90 ./lwip-1.4.1/port/ethernetif.o
                0x08007e70                ETH_TxPkt_ChainMode
 .text.ETH_GetCurrentTxBuffer
                0x08007f00       0x18 ./lwip-1.4.1/port/ethernetif.o
                0x08007f00                ETH_GetCurrentTxBuffer
 .text.SystemInit
                0x08007f18       0x78 ./cmsis/system_stm32f10x.o
                0x08007f18                SystemInit
 .text.SetSysClock
                0x08007f90        0xc ./cmsis/system_stm32f10x.o
 .text.SetSysClockTo72
                0x08007f9c      0x138 ./cmsis/system_stm32f10x.o
 .text.ETH_DeInit
                0x080080d4       0x1c ./STM32_ETH_Driver/src/stm32_eth.o
                0x080080d4                ETH_DeInit
 .text.ETH_Init
                0x080080f0      0x250 ./STM32_ETH_Driver/src/stm32_eth.o
                0x080080f0                ETH_Init
 .text.ETH_StructInit
                0x08008340      0x158 ./STM32_ETH_Driver/src/stm32_eth.o
                0x08008340                ETH_StructInit
 .text.ETH_Start
                0x08008498       0x24 ./STM32_ETH_Driver/src/stm32_eth.o
                0x08008498                ETH_Start
 .text.ETH_ReadPHYRegister
                0x080084bc       0xa0 ./STM32_ETH_Driver/src/stm32_eth.o
                0x080084bc                ETH_ReadPHYRegister
 .text.ETH_WritePHYRegister
                0x0800855c       0xa4 ./STM32_ETH_Driver/src/stm32_eth.o
                0x0800855c                ETH_WritePHYRegister
 .text.ETH_MACTransmissionCmd
                0x08008600       0x38 ./STM32_ETH_Driver/src/stm32_eth.o
                0x08008600                ETH_MACTransmissionCmd
 .text.ETH_MACReceptionCmd
                0x08008638       0x38 ./STM32_ETH_Driver/src/stm32_eth.o
                0x08008638                ETH_MACReceptionCmd
 .text.ETH_MACAddressConfig
                0x08008670       0x6c ./STM32_ETH_Driver/src/stm32_eth.o
                0x08008670                ETH_MACAddressConfig
 .text.ETH_DMATxDescChainInit
                0x080086dc       0x90 ./STM32_ETH_Driver/src/stm32_eth.o
                0x080086dc                ETH_DMATxDescChainInit
 .text.ETH_DMATxDescChecksumInsertionConfig
                0x0800876c       0x20 ./STM32_ETH_Driver/src/stm32_eth.o
                0x0800876c                ETH_DMATxDescChecksumInsertionConfig
 .text.ETH_DMARxDescChainInit
                0x0800878c       0x98 ./STM32_ETH_Driver/src/stm32_eth.o
                0x0800878c                ETH_DMARxDescChainInit
 .text.ETH_DMARxDescReceiveITConfig
                0x08008824       0x38 ./STM32_ETH_Driver/src/stm32_eth.o
                0x08008824                ETH_DMARxDescReceiveITConfig
 .text.ETH_SoftwareReset
                0x0800885c       0x24 ./STM32_ETH_Driver/src/stm32_eth.o
                0x0800885c                ETH_SoftwareReset
 .text.ETH_GetSoftwareResetStatus
                0x08008880       0x38 ./STM32_ETH_Driver/src/stm32_eth.o
                0x08008880                ETH_GetSoftwareResetStatus
 .text.ETH_FlushTransmitFIFO
                0x080088b8       0x28 ./STM32_ETH_Driver/src/stm32_eth.o
                0x080088b8                ETH_FlushTransmitFIFO
 .text.ETH_DMATransmissionCmd
                0x080088e0       0x50 ./STM32_ETH_Driver/src/stm32_eth.o
                0x080088e0                ETH_DMATransmissionCmd
 .text.ETH_DMAReceptionCmd
                0x08008930       0x50 ./STM32_ETH_Driver/src/stm32_eth.o
                0x08008930                ETH_DMAReceptionCmd
 .text.ETH_DMAITConfig
                0x08008980       0x54 ./STM32_ETH_Driver/src/stm32_eth.o
                0x08008980                ETH_DMAITConfig
 .text.ETH_Delay
                0x080089d4       0x28 ./STM32_ETH_Driver/src/stm32_eth.o
 .text.ETH_BSP_Config
                0x080089fc       0x20 ./STM32F107_BSP_Driver/src/stm32f107_eth_bsp.o
                0x080089fc                ETH_BSP_Config
 .text.ETH_GPIO_Config
                0x08008a1c       0xe0 ./STM32F107_BSP_Driver/src/stm32f107_eth_bsp.o
                0x08008a1c                ETH_GPIO_Config
 .text.ETH_MACDMA_Config
                0x08008afc       0xd0 ./STM32F107_BSP_Driver/src/stm32f107_eth_bsp.o
                0x08008afc                ETH_MACDMA_Config
 .text.ETH_NVIC_Config
                0x08008bcc       0x2c ./STM32F107_BSP_Driver/src/stm32f107_eth_bsp.o
                0x08008bcc                ETH_NVIC_Config
 .text.ETH_WaitLink
                0x08008bf8      0x154 ./STM32F107_BSP_Driver/src/stm32f107_eth_bsp.o
                0x08008bf8                ETH_WaitLink
 .text.LwIP_Init
                0x08008d4c       0x74 ./ETH_Options/src/netconf.o
                0x08008d4c                LwIP_Init
 .text.__enable_irq
                0x08008dc0       0x10 ./main.o
 .text.main     0x08008dd0       0x94 ./main.o
                0x08008dd0                main
 .text.HardFault_Handler
                0x08008e64       0x14 ./main.o
                0x08008e64                HardFault_Handler
 .text.memcmp   0x08008e78       0x64 f:/eclipse/gcc/bin/../lib/gcc/arm-none-eabi/4.9.3/../../../../arm-none-eabi/lib/armv7-m\libg.a(lib_a-memcmp.o)
                0x08008e78                memcmp
 .text.memset   0x08008edc       0x9c f:/eclipse/gcc/bin/../lib/gcc/arm-none-eabi/4.9.3/../../../../arm-none-eabi/lib/armv7-m\libg.a(lib_a-memset.o)
                0x08008edc                memset
 *(.rodata)
 .rodata        0x08008f78        0xe ./lwip-1.4.1/src/netif/etharp.o
                0x08008f78                ethbroadcast
                0x08008f80                ethzero
 *fill*         0x08008f86        0x2 
 .rodata        0x08008f88       0xaa ./lwip-1.4.1/src/core/memp.o
 *fill*         0x08009032        0x2 
 .rodata        0x08009034       0xcc ./lwip-1.4.1/src/core/tcp.o
                0x080090ac                tcp_state_str
                0x080090d8                tcp_backoff
                0x080090e8                tcp_persist_backoff
                0x080090f0                tcp_pcb_lists
 .rodata        0x08009100        0x6 ./ETH_Options/src/netconf.o
 *(.rodata.*)
 *(.glue_7)
 .glue_7        0x00000000        0x0 linker stubs
 *(.glue_7t)
 .glue_7t       0x00000000        0x0 linker stubs
                0x08009106                _etext = .

.vfp11_veneer   0x08009108        0x0
 .vfp11_veneer  0x00000000        0x0 linker stubs

.v4_bx          0x08009108        0x0
 .v4_bx         0x00000000        0x0 linker stubs

.iplt           0x08009108        0x0
 .iplt          0x00000000        0x0 ./startup/startup_stm32f10x_cl.o

.rel.dyn        0x08009108        0x0
 .rel.iplt      0x00000000        0x0 ./startup/startup_stm32f10x_cl.o

.stack          0x20000000     0x4000
 *(.stack)
 .stack         0x20000000     0x4000 ./startup/startup_stm32f10x_cl.o
                0x20000000                pulStack
 *(.stack.*)

.data           0x20004000       0x1c load address 0x08009106
                0x20004000                _sdata = .
                0x08009106                _sidata = _etext
 *(.data)
 .data          0x20004000       0x14 ./src/stm32f10x_rcc.o
 .data          0x20004014        0x8 ./lwip-1.4.1/src/core/tcp.o
 *(.data.*)
                0x2000401c                _edata = .

.igot.plt       0x2000401c        0x0 load address 0x08009124
 .igot.plt      0x00000000        0x0 ./startup/startup_stm32f10x_cl.o

.bss            0x2000401c     0x7b80 load address 0x08009124
                0x2000401c                _sbss = .
 *(.bss)
 .bss           0x2000401c       0xc9 ./lwip-1.4.1/src/netif/etharp.o
 *fill*         0x200040e5        0x1 
 .bss           0x200040e6        0x2 ./lwip-1.4.1/src/core/ipv4/ip.o
 .bss           0x200040e8        0x6 ./lwip-1.4.1/src/core/ipv4/ip_frag.o
 *fill*         0x200040ee        0x2 
 .bss           0x200040f0        0xc ./lwip-1.4.1/src/core/mem.o
 .bss           0x200040fc     0x3357 ./lwip-1.4.1/src/core/memp.o
 .bss           0x20007453        0x1 ./lwip-1.4.1/src/core/netif.o
 .bss           0x20007454        0x4 ./lwip-1.4.1/src/core/raw.o
 .bss           0x20007458        0x2 ./lwip-1.4.1/src/core/tcp.o
 *fill*         0x2000745a        0x2 
 .bss           0x2000745c       0x30 ./lwip-1.4.1/src/core/tcp_in.o
 .bss           0x2000748c        0xc ./lwip-1.4.1/src/core/timers.o
 .bss           0x20007498        0x8 ./STM32F107_BSP_Driver/src/stm32f107_eth_bsp.o
                0x2000749c                EthInitStatus
 *(.bss.*)
 *(COMMON)
 COMMON         0x200074a0       0x10 ./lwip-1.4.1/src/core/ipv4/ip.o
                0x200074a0                current_iphdr_src
                0x200074a4                current_netif
                0x200074a8                current_iphdr_dest
                0x200074ac                current_header
 COMMON         0x200074b0     0x2014 ./lwip-1.4.1/src/core/mem.o
                0x200074b0                ram_heap
 COMMON         0x200094c4        0x8 ./lwip-1.4.1/src/core/netif.o
                0x200094c4                netif_list
                0x200094c8                netif_default
 COMMON         0x200094cc        0x1 ./lwip-1.4.1/src/core/pbuf.o
                0x200094cc                pbuf_free_ooseq_pending
 *fill*         0x200094cd        0x3 
 COMMON         0x200094d0      0x240 ./lwip-1.4.1/src/core/stats.o
                0x200094d0                lwip_stats
 COMMON         0x20009710       0x1c ./lwip-1.4.1/src/core/tcp.o
                0x20009710                tcp_active_pcbs_changed
                0x20009714                tcp_active_pcbs
                0x20009718                tcp_ticks
                0x2000971c                tcp_listen_pcbs
                0x20009720                tcp_tmp_pcb
                0x20009724                tcp_bound_pcbs
                0x20009728                tcp_tw_pcbs
 COMMON         0x2000972c        0x4 ./lwip-1.4.1/src/core/tcp_in.o
                0x2000972c                tcp_input_pcb
 COMMON         0x20009730        0x4 ./lwip-1.4.1/src/core/udp.o
                0x20009730                udp_pcbs
 COMMON         0x20009734     0x2428 ./lwip-1.4.1/port/ethernetif.o
                0x20009734                tcp_end_time
                0x20009738                arp_end_time
                0x2000973c                DMATxDscrTab
                0x2000975c                Rx_Buff
                0x2000af2c                MACaddr
                0x2000af34                DMARxDscrTab
                0x2000af74                Tx_Buff
 COMMON         0x2000bb5c       0x10 ./STM32_ETH_Driver/src/stm32_eth.o
                0x2000bb5c                DMAPTPRxDescToGet
                0x2000bb60                DMARxDescToGet
                0x2000bb64                DMATxDescToSet
                0x2000bb68                DMAPTPTxDescToSet
 COMMON         0x2000bb6c       0x30 ./ETH_Options/src/netconf.o
                0x2000bb6c                xnetif
                0x2000bb9c                _ebss = .
                0x00000001                ASSERT (! ((SIZEOF (.stack) >= (ORIGIN (RAM) + 0x10000))), region ram  overflowed with stack)
OUTPUT(STM32F107_Template.elf elf32-littlearm)

.debug_info     0x00000000    0x10584
 .debug_info    0x00000000       0xf2 ./startup/startup_stm32f10x_cl.o
 .debug_info    0x000000f2      0x4f1 ./src/misc.o
 .debug_info    0x000005e3      0x34b ./src/stm32f107.o
 .debug_info    0x0000092e      0x6d9 ./src/stm32f10x_gpio.o
 .debug_info    0x00001007      0xa85 ./src/stm32f10x_rcc.o
 .debug_info    0x00001a8c      0xe83 ./lwip-1.4.1/src/netif/etharp.o
 .debug_info    0x0000290f      0x796 ./lwip-1.4.1/src/core/ipv4/icmp.o
 .debug_info    0x000030a5      0x3ae ./lwip-1.4.1/src/core/ipv4/inet_chksum.o
 .debug_info    0x00003453      0x7e3 ./lwip-1.4.1/src/core/ipv4/ip.o
 .debug_info    0x00003c36      0x546 ./lwip-1.4.1/src/core/ipv4/ip_addr.o
 .debug_info    0x0000417c      0xb9d ./lwip-1.4.1/src/core/ipv4/ip_frag.o
 .debug_info    0x00004d19      0x128 ./lwip-1.4.1/src/core/def.o
 .debug_info    0x00004e41      0x535 ./lwip-1.4.1/src/core/mem.o
 .debug_info    0x00005376      0x42d ./lwip-1.4.1/src/core/memp.o
 .debug_info    0x000057a3      0xbe5 ./lwip-1.4.1/src/core/netif.o
 .debug_info    0x00006388      0xe65 ./lwip-1.4.1/src/core/pbuf.o
 .debug_info    0x000071ed      0x6fb ./lwip-1.4.1/src/core/raw.o
 .debug_info    0x000078e8      0x3be ./lwip-1.4.1/src/core/stats.o
 .debug_info    0x00007ca6     0x1575 ./lwip-1.4.1/src/core/tcp.o
 .debug_info    0x0000921b      0xeeb ./lwip-1.4.1/src/core/tcp_in.o
 .debug_info    0x0000a106     0x1186 ./lwip-1.4.1/src/core/tcp_out.o
 .debug_info    0x0000b28c      0x8d0 ./lwip-1.4.1/src/core/timers.o
 .debug_info    0x0000bb5c      0xad6 ./lwip-1.4.1/src/core/udp.o
 .debug_info    0x0000c632      0xbe3 ./lwip-1.4.1/port/ethernetif.o
 .debug_info    0x0000d215      0x492 ./cmsis/system_stm32f10x.o
 .debug_info    0x0000d6a7     0x1b61 ./STM32_ETH_Driver/src/stm32_eth.o
 .debug_info    0x0000f208      0xb6a ./STM32F107_BSP_Driver/src/stm32f107_eth_bsp.o
 .debug_info    0x0000fd72      0x3f8 ./ETH_Options/src/netconf.o
 .debug_info    0x0001016a      0x41a ./main.o

.debug_abbrev   0x00000000     0x3364
 .debug_abbrev  0x00000000       0xb5 ./startup/startup_stm32f10x_cl.o
 .debug_abbrev  0x000000b5      0x159 ./src/misc.o
 .debug_abbrev  0x0000020e       0xcb ./src/stm32f107.o
 .debug_abbrev  0x000002d9      0x1cd ./src/stm32f10x_gpio.o
 .debug_abbrev  0x000004a6      0x1bf ./src/stm32f10x_rcc.o
 .debug_abbrev  0x00000665      0x22f ./lwip-1.4.1/src/netif/etharp.o
 .debug_abbrev  0x00000894      0x1db ./lwip-1.4.1/src/core/ipv4/icmp.o
 .debug_abbrev  0x00000a6f      0x130 ./lwip-1.4.1/src/core/ipv4/inet_chksum.o
 .debug_abbrev  0x00000b9f      0x1a2 ./lwip-1.4.1/src/core/ipv4/ip.o
 .debug_abbrev  0x00000d41      0x19b ./lwip-1.4.1/src/core/ipv4/ip_addr.o
 .debug_abbrev  0x00000edc      0x236 ./lwip-1.4.1/src/core/ipv4/ip_frag.o
 .debug_abbrev  0x00001112       0x9b ./lwip-1.4.1/src/core/def.o
 .debug_abbrev  0x000011ad      0x1f4 ./lwip-1.4.1/src/core/mem.o
 .debug_abbrev  0x000013a1      0x16e ./lwip-1.4.1/src/core/memp.o
 .debug_abbrev  0x0000150f      0x244 ./lwip-1.4.1/src/core/netif.o
 .debug_abbrev  0x00001753      0x243 ./lwip-1.4.1/src/core/pbuf.o
 .debug_abbrev  0x00001996      0x1c2 ./lwip-1.4.1/src/core/raw.o
 .debug_abbrev  0x00001b58      0x14d ./lwip-1.4.1/src/core/stats.o
 .debug_abbrev  0x00001ca5      0x303 ./lwip-1.4.1/src/core/tcp.o
 .debug_abbrev  0x00001fa8      0x24f ./lwip-1.4.1/src/core/tcp_in.o
 .debug_abbrev  0x000021f7      0x288 ./lwip-1.4.1/src/core/tcp_out.o
 .debug_abbrev  0x0000247f      0x1d2 ./lwip-1.4.1/src/core/timers.o
 .debug_abbrev  0x00002651      0x247 ./lwip-1.4.1/src/core/udp.o
 .debug_abbrev  0x00002898      0x277 ./lwip-1.4.1/port/ethernetif.o
 .debug_abbrev  0x00002b0f      0x17c ./cmsis/system_stm32f10x.o
 .debug_abbrev  0x00002c8b      0x23a ./STM32_ETH_Driver/src/stm32_eth.o
 .debug_abbrev  0x00002ec5      0x1ad ./STM32F107_BSP_Driver/src/stm32f107_eth_bsp.o
 .debug_abbrev  0x00003072      0x148 ./ETH_Options/src/netconf.o
 .debug_abbrev  0x000031ba      0x1aa ./main.o

.debug_aranges  0x00000000      0xe98
 .debug_aranges
                0x00000000       0x28 ./startup/startup_stm32f10x_cl.o
 .debug_aranges
                0x00000028       0x40 ./src/misc.o
 .debug_aranges
                0x00000068       0x28 ./src/stm32f107.o
 .debug_aranges
                0x00000090       0xa8 ./src/stm32f10x_gpio.o
 .debug_aranges
                0x00000138      0x160 ./src/stm32f10x_rcc.o
 .debug_aranges
                0x00000298       0x98 ./lwip-1.4.1/src/netif/etharp.o
 .debug_aranges
                0x00000330       0x38 ./lwip-1.4.1/src/core/ipv4/icmp.o
 .debug_aranges
                0x00000368       0x40 ./lwip-1.4.1/src/core/ipv4/inet_chksum.o
 .debug_aranges
                0x000003a8       0x38 ./lwip-1.4.1/src/core/ipv4/ip.o
 .debug_aranges
                0x000003e0       0x48 ./lwip-1.4.1/src/core/ipv4/ip_addr.o
 .debug_aranges
                0x00000428       0x70 ./lwip-1.4.1/src/core/ipv4/ip_frag.o
 .debug_aranges
                0x00000498       0x38 ./lwip-1.4.1/src/core/def.o
 .debug_aranges
                0x000004d0       0x48 ./lwip-1.4.1/src/core/mem.o
 .debug_aranges
                0x00000518       0x30 ./lwip-1.4.1/src/core/memp.o
 .debug_aranges
                0x00000548       0x80 ./lwip-1.4.1/src/core/netif.o
 .debug_aranges
                0x000005c8       0xb8 ./lwip-1.4.1/src/core/pbuf.o
 .debug_aranges
                0x00000680       0x58 ./lwip-1.4.1/src/core/raw.o
 .debug_aranges
                0x000006d8       0x40 ./lwip-1.4.1/src/core/stats.o
 .debug_aranges
                0x00000718      0x140 ./lwip-1.4.1/src/core/tcp.o
 .debug_aranges
                0x00000858       0x50 ./lwip-1.4.1/src/core/tcp_in.o
 .debug_aranges
                0x000008a8       0x98 ./lwip-1.4.1/src/core/tcp_out.o
 .debug_aranges
                0x00000940       0x60 ./lwip-1.4.1/src/core/timers.o
 .debug_aranges
                0x000009a0       0x78 ./lwip-1.4.1/src/core/udp.o
 .debug_aranges
                0x00000a18       0x60 ./lwip-1.4.1/port/ethernetif.o
 .debug_aranges
                0x00000a78       0x38 ./cmsis/system_stm32f10x.o
 .debug_aranges
                0x00000ab0      0x338 ./STM32_ETH_Driver/src/stm32_eth.o
 .debug_aranges
                0x00000de8       0x40 ./STM32F107_BSP_Driver/src/stm32f107_eth_bsp.o
 .debug_aranges
                0x00000e28       0x40 ./ETH_Options/src/netconf.o
 .debug_aranges
                0x00000e68       0x30 ./main.o

.debug_ranges   0x00000000      0xcc8
 .debug_ranges  0x00000000       0x18 ./startup/startup_stm32f10x_cl.o
 .debug_ranges  0x00000018       0x30 ./src/misc.o
 .debug_ranges  0x00000048       0x18 ./src/stm32f107.o
 .debug_ranges  0x00000060       0x98 ./src/stm32f10x_gpio.o
 .debug_ranges  0x000000f8      0x150 ./src/stm32f10x_rcc.o
 .debug_ranges  0x00000248       0x88 ./lwip-1.4.1/src/netif/etharp.o
 .debug_ranges  0x000002d0       0x28 ./lwip-1.4.1/src/core/ipv4/icmp.o
 .debug_ranges  0x000002f8       0x30 ./lwip-1.4.1/src/core/ipv4/inet_chksum.o
 .debug_ranges  0x00000328       0x28 ./lwip-1.4.1/src/core/ipv4/ip.o
 .debug_ranges  0x00000350       0x38 ./lwip-1.4.1/src/core/ipv4/ip_addr.o
 .debug_ranges  0x00000388       0x60 ./lwip-1.4.1/src/core/ipv4/ip_frag.o
 .debug_ranges  0x000003e8       0x28 ./lwip-1.4.1/src/core/def.o
 .debug_ranges  0x00000410       0x38 ./lwip-1.4.1/src/core/mem.o
 .debug_ranges  0x00000448       0x20 ./lwip-1.4.1/src/core/memp.o
 .debug_ranges  0x00000468       0x70 ./lwip-1.4.1/src/core/netif.o
 .debug_ranges  0x000004d8       0xa8 ./lwip-1.4.1/src/core/pbuf.o
 .debug_ranges  0x00000580       0x48 ./lwip-1.4.1/src/core/raw.o
 .debug_ranges  0x000005c8       0x30 ./lwip-1.4.1/src/core/stats.o
 .debug_ranges  0x000005f8      0x130 ./lwip-1.4.1/src/core/tcp.o
 .debug_ranges  0x00000728       0x40 ./lwip-1.4.1/src/core/tcp_in.o
 .debug_ranges  0x00000768       0x88 ./lwip-1.4.1/src/core/tcp_out.o
 .debug_ranges  0x000007f0       0x50 ./lwip-1.4.1/src/core/timers.o
 .debug_ranges  0x00000840       0x68 ./lwip-1.4.1/src/core/udp.o
 .debug_ranges  0x000008a8       0x50 ./lwip-1.4.1/port/ethernetif.o
 .debug_ranges  0x000008f8       0x28 ./cmsis/system_stm32f10x.o
 .debug_ranges  0x00000920      0x328 ./STM32_ETH_Driver/src/stm32_eth.o
 .debug_ranges  0x00000c48       0x30 ./STM32F107_BSP_Driver/src/stm32f107_eth_bsp.o
 .debug_ranges  0x00000c78       0x30 ./ETH_Options/src/netconf.o
 .debug_ranges  0x00000ca8       0x20 ./main.o

.debug_macro    0x00000000    0x11f19
 .debug_macro   0x00000000       0x1d ./startup/startup_stm32f10x_cl.o
 .debug_macro   0x0000001d      0x868 ./startup/startup_stm32f10x_cl.o
 .debug_macro   0x00000885       0xe5 ./src/misc.o
 .debug_macro   0x0000096a       0x5c ./src/misc.o
 .debug_macro   0x000009c6       0x22 ./src/misc.o
 .debug_macro   0x000009e8       0x22 ./src/misc.o
 .debug_macro   0x00000a0a       0x44 ./src/misc.o
 .debug_macro   0x00000a4e       0xe3 ./src/misc.o
 .debug_macro   0x00000b31       0x22 ./src/misc.o
 .debug_macro   0x00000b53      0x1df ./src/misc.o
 .debug_macro   0x00000d32      0x69f ./src/misc.o
 .debug_macro   0x000013d1     0x8853 ./src/misc.o
 .debug_macro   0x00009c24      0x144 ./src/misc.o
 .debug_macro   0x00009d68      0x2cf ./src/misc.o
 .debug_macro   0x0000a037      0x2ac ./src/misc.o
 .debug_macro   0x0000a2e3       0x82 ./src/misc.o
 .debug_macro   0x0000a365      0x5ba ./src/misc.o
 .debug_macro   0x0000a91f      0x711 ./src/misc.o
 .debug_macro   0x0000b030       0x35 ./src/misc.o
 .debug_macro   0x0000b065       0x85 ./src/misc.o
 .debug_macro   0x0000b0ea       0xfd ./src/stm32f107.o
 .debug_macro   0x0000b1e7       0x8b ./src/stm32f107.o
 .debug_macro   0x0000b272       0x10 ./src/stm32f107.o
 .debug_macro   0x0000b282       0x4c ./src/stm32f107.o
 .debug_macro   0x0000b2ce      0x131 ./src/stm32f10x_gpio.o
 .debug_macro   0x0000b3ff      0x2a6 ./src/stm32f10x_gpio.o
 .debug_macro   0x0000b6a5      0x254 ./src/stm32f10x_rcc.o
 .debug_macro   0x0000b8f9      0x5b4 ./src/stm32f10x_rcc.o
 .debug_macro   0x0000bead      0x24c ./lwip-1.4.1/src/netif/etharp.o
 .debug_macro   0x0000c0f9       0x52 ./lwip-1.4.1/src/netif/etharp.o
 .debug_macro   0x0000c14b      0x175 ./lwip-1.4.1/src/netif/etharp.o
 .debug_macro   0x0000c2c0       0x70 ./lwip-1.4.1/src/netif/etharp.o
 .debug_macro   0x0000c330       0x4f ./lwip-1.4.1/src/netif/etharp.o
 .debug_macro   0x0000c37f       0x62 ./lwip-1.4.1/src/netif/etharp.o
 .debug_macro   0x0000c3e1      0x135 ./lwip-1.4.1/src/netif/etharp.o
 .debug_macro   0x0000c516       0x22 ./lwip-1.4.1/src/netif/etharp.o
 .debug_macro   0x0000c538       0x10 ./lwip-1.4.1/src/netif/etharp.o
 .debug_macro   0x0000c548       0x3a ./lwip-1.4.1/src/netif/etharp.o
 .debug_macro   0x0000c582       0xf7 ./lwip-1.4.1/src/netif/etharp.o
 .debug_macro   0x0000c679      0x321 ./lwip-1.4.1/src/netif/etharp.o
 .debug_macro   0x0000c99a       0x86 ./lwip-1.4.1/src/netif/etharp.o
 .debug_macro   0x0000ca20      0x20e ./lwip-1.4.1/src/core/ipv4/icmp.o
 .debug_macro   0x0000cc2e       0x5e ./lwip-1.4.1/src/core/ipv4/icmp.o
 .debug_macro   0x0000cc8c       0x1c ./lwip-1.4.1/src/core/ipv4/icmp.o
 .debug_macro   0x0000cca8      0x13b ./lwip-1.4.1/src/core/ipv4/icmp.o
 .debug_macro   0x0000cde3      0x1c4 ./lwip-1.4.1/src/core/ipv4/inet_chksum.o
 .debug_macro   0x0000cfa7       0x16 ./lwip-1.4.1/src/core/ipv4/inet_chksum.o
 .debug_macro   0x0000cfbd      0x268 ./lwip-1.4.1/src/core/ipv4/ip.o
 .debug_macro   0x0000d225       0x10 ./lwip-1.4.1/src/core/ipv4/ip.o
 .debug_macro   0x0000d235       0x64 ./lwip-1.4.1/src/core/ipv4/ip.o
 .debug_macro   0x0000d299       0x10 ./lwip-1.4.1/src/core/ipv4/ip.o
 .debug_macro   0x0000d2a9       0x3d ./lwip-1.4.1/src/core/ipv4/ip.o
 .debug_macro   0x0000d2e6       0xb2 ./lwip-1.4.1/src/core/ipv4/ip.o
 .debug_macro   0x0000d398      0x1be ./lwip-1.4.1/src/core/ipv4/ip.o
 .debug_macro   0x0000d556       0x16 ./lwip-1.4.1/src/core/ipv4/ip.o
 .debug_macro   0x0000d56c      0x1d1 ./lwip-1.4.1/src/core/ipv4/ip_addr.o
 .debug_macro   0x0000d73d      0x223 ./lwip-1.4.1/src/core/ipv4/ip_frag.o
 .debug_macro   0x0000d960      0x17e ./lwip-1.4.1/src/core/def.o
 .debug_macro   0x0000dade      0x207 ./lwip-1.4.1/src/core/mem.o
 .debug_macro   0x0000dce5      0x2ec ./lwip-1.4.1/src/core/memp.o
 .debug_macro   0x0000dfd1       0x37 ./lwip-1.4.1/src/core/memp.o
 .debug_macro   0x0000e008       0xfd ./lwip-1.4.1/src/core/memp.o
 .debug_macro   0x0000e105      0x229 ./lwip-1.4.1/src/core/netif.o
 .debug_macro   0x0000e32e      0x22c ./lwip-1.4.1/src/core/pbuf.o
 .debug_macro   0x0000e55a      0x1f3 ./lwip-1.4.1/src/core/raw.o
 .debug_macro   0x0000e74d      0x1c7 ./lwip-1.4.1/src/core/stats.o
 .debug_macro   0x0000e914      0x235 ./lwip-1.4.1/src/core/tcp.o
 .debug_macro   0x0000eb49      0x31b ./lwip-1.4.1/src/core/tcp.o
 .debug_macro   0x0000ee64      0x1c4 ./lwip-1.4.1/src/core/tcp.o
 .debug_macro   0x0000f028      0x21d ./lwip-1.4.1/src/core/tcp_in.o
 .debug_macro   0x0000f245      0x226 ./lwip-1.4.1/src/core/tcp_out.o
 .debug_macro   0x0000f46b      0x24f ./lwip-1.4.1/src/core/timers.o
 .debug_macro   0x0000f6ba       0x10 ./lwip-1.4.1/src/core/timers.o
 .debug_macro   0x0000f6ca      0x235 ./lwip-1.4.1/src/core/udp.o
 .debug_macro   0x0000f8ff      0x2e6 ./lwip-1.4.1/port/ethernetif.o
 .debug_macro   0x0000fbe5       0x80 ./lwip-1.4.1/port/ethernetif.o
 .debug_macro   0x0000fc65      0xb46 ./lwip-1.4.1/port/ethernetif.o
 .debug_macro   0x000107ab       0xe2 ./cmsis/system_stm32f10x.o
 .debug_macro   0x0001088d      0x130 ./STM32_ETH_Driver/src/stm32_eth.o
 .debug_macro   0x000109bd      0x10f ./STM32F107_BSP_Driver/src/stm32f107_eth_bsp.o
 .debug_macro   0x00010acc      0xb4c ./STM32F107_BSP_Driver/src/stm32f107_eth_bsp.o
 .debug_macro   0x00011618       0x10 ./STM32F107_BSP_Driver/src/stm32f107_eth_bsp.o
 .debug_macro   0x00011628      0x2e6 ./ETH_Options/src/netconf.o
 .debug_macro   0x0001190e      0x2b6 ./main.o
 .debug_macro   0x00011bc4      0x355 ./main.o

.debug_line     0x00000000     0xa709
 .debug_line    0x00000000       0x75 ./startup/startup_stm32f10x_cl.o
 .debug_line    0x00000075      0x2ce ./src/misc.o
 .debug_line    0x00000343      0x303 ./src/stm32f107.o
 .debug_line    0x00000646      0x436 ./src/stm32f10x_gpio.o
 .debug_line    0x00000a7c      0x5fe ./src/stm32f10x_rcc.o
 .debug_line    0x0000107a      0x793 ./lwip-1.4.1/src/netif/etharp.o
 .debug_line    0x0000180d      0x479 ./lwip-1.4.1/src/core/ipv4/icmp.o
 .debug_line    0x00001c86      0x464 ./lwip-1.4.1/src/core/ipv4/inet_chksum.o
 .debug_line    0x000020ea      0x553 ./lwip-1.4.1/src/core/ipv4/ip.o
 .debug_line    0x0000263d      0x505 ./lwip-1.4.1/src/core/ipv4/ip_addr.o
 .debug_line    0x00002b42      0x62b ./lwip-1.4.1/src/core/ipv4/ip_frag.o
 .debug_line    0x0000316d      0x345 ./lwip-1.4.1/src/core/def.o
 .debug_line    0x000034b2      0x473 ./lwip-1.4.1/src/core/mem.o
 .debug_line    0x00003925      0x567 ./lwip-1.4.1/src/core/memp.o
 .debug_line    0x00003e8c      0x611 ./lwip-1.4.1/src/core/netif.o
 .debug_line    0x0000449d      0x7b7 ./lwip-1.4.1/src/core/pbuf.o
 .debug_line    0x00004c54      0x4f0 ./lwip-1.4.1/src/core/raw.o
 .debug_line    0x00005144      0x3bc ./lwip-1.4.1/src/core/stats.o
 .debug_line    0x00005500      0xa5e ./lwip-1.4.1/src/core/tcp.o
 .debug_line    0x00005f5e      0xa0d ./lwip-1.4.1/src/core/tcp_in.o
 .debug_line    0x0000696b      0x839 ./lwip-1.4.1/src/core/tcp_out.o
 .debug_line    0x000071a4      0x5a1 ./lwip-1.4.1/src/core/timers.o
 .debug_line    0x00007745      0x669 ./lwip-1.4.1/src/core/udp.o
 .debug_line    0x00007dae      0x734 ./lwip-1.4.1/port/ethernetif.o
 .debug_line    0x000084e2      0x334 ./cmsis/system_stm32f10x.o
 .debug_line    0x00008816      0xd24 ./STM32_ETH_Driver/src/stm32_eth.o
 .debug_line    0x0000953a      0x484 ./STM32F107_BSP_Driver/src/stm32f107_eth_bsp.o
 .debug_line    0x000099be      0x709 ./ETH_Options/src/netconf.o
 .debug_line    0x0000a0c7      0x642 ./main.o

.debug_str      0x00000000    0x579be
 .debug_str     0x00000000     0x24fa ./startup/startup_stm32f10x_cl.o
                               0x250c (size before relaxing)
 .debug_str     0x000024fa    0x3ef2d ./src/misc.o
                              0x414e3 (size before relaxing)
 .debug_str     0x00041427      0x230 ./src/stm32f107.o
                              0x414dc (size before relaxing)
 .debug_str     0x00041657      0x5a4 ./src/stm32f10x_gpio.o
                              0x4185b (size before relaxing)
 .debug_str     0x00041bfb      0xe49 ./src/stm32f10x_rcc.o
                              0x421fe (size before relaxing)
 .debug_str     0x00042a44     0x8318 ./lwip-1.4.1/src/netif/etharp.o
                               0xac79 (size before relaxing)
 .debug_str     0x0004ad5c      0x342 ./lwip-1.4.1/src/core/ipv4/icmp.o
                               0xa80e (size before relaxing)
 .debug_str     0x0004b09e       0xe4 ./lwip-1.4.1/src/core/ipv4/inet_chksum.o
                               0x872c (size before relaxing)
 .debug_str     0x0004b182     0x17d3 ./lwip-1.4.1/src/core/ipv4/ip.o
                               0xbf58 (size before relaxing)
 .debug_str     0x0004c955      0x1fb ./lwip-1.4.1/src/core/ipv4/ip_addr.o
                               0x8a13 (size before relaxing)
 .debug_str     0x0004cb50      0x38a ./lwip-1.4.1/src/core/ipv4/ip_frag.o
                               0xab39 (size before relaxing)
 .debug_str     0x0004ceda       0x49 ./lwip-1.4.1/src/core/def.o
                               0x76dc (size before relaxing)
 .debug_str     0x0004cf23      0x6b3 ./lwip-1.4.1/src/core/mem.o
                               0x88c5 (size before relaxing)
 .debug_str     0x0004d5d6      0x279 ./lwip-1.4.1/src/core/memp.o
                               0xc54f (size before relaxing)
 .debug_str     0x0004d84f      0x3c0 ./lwip-1.4.1/src/core/netif.o
                               0xc1a8 (size before relaxing)
 .debug_str     0x0004dc0f      0x2d4 ./lwip-1.4.1/src/core/pbuf.o
                               0xb8b5 (size before relaxing)
 .debug_str     0x0004dee3       0xad ./lwip-1.4.1/src/core/raw.o
                               0x9965 (size before relaxing)
 .debug_str     0x0004df90       0xa3 ./lwip-1.4.1/src/core/stats.o
                               0x8196 (size before relaxing)
 .debug_str     0x0004e033      0x4cf ./lwip-1.4.1/src/core/tcp.o
                               0xc383 (size before relaxing)
 .debug_str     0x0004e502      0x13d ./lwip-1.4.1/src/core/tcp_in.o
                               0xc13c (size before relaxing)
 .debug_str     0x0004e63f      0x265 ./lwip-1.4.1/src/core/tcp_out.o
                               0xc1ca (size before relaxing)
 .debug_str     0x0004e8a4      0x128 ./lwip-1.4.1/src/core/timers.o
                               0xb3a5 (size before relaxing)
 .debug_str     0x0004e9cc      0x1b0 ./lwip-1.4.1/src/core/udp.o
                               0xaadf (size before relaxing)
 .debug_str     0x0004eb7c     0x7477 ./lwip-1.4.1/port/ethernetif.o
                              0x50c27 (size before relaxing)
 .debug_str     0x00055ff3       0xbc ./cmsis/system_stm32f10x.o
                              0x41453 (size before relaxing)
 .debug_str     0x000560af     0x11b3 ./STM32_ETH_Driver/src/stm32_eth.o
                              0x49875 (size before relaxing)
 .debug_str     0x00057262      0x4a5 ./STM32F107_BSP_Driver/src/stm32f107_eth_bsp.o
                              0x490b0 (size before relaxing)
 .debug_str     0x00057707       0x82 ./ETH_Options/src/netconf.o
                              0x506cf (size before relaxing)
 .debug_str     0x00057789      0x235 ./main.o
                              0x48546 (size before relaxing)

.comment        0x00000000       0x70
 .comment       0x00000000       0x70 ./startup/startup_stm32f10x_cl.o
                                 0x71 (size before relaxing)
 .comment       0x00000000       0x71 ./src/misc.o
 .comment       0x00000000       0x71 ./src/stm32f107.o
 .comment       0x00000000       0x71 ./src/stm32f10x_gpio.o
 .comment       0x00000000       0x71 ./src/stm32f10x_rcc.o
 .comment       0x00000000       0x71 ./lwip-1.4.1/src/netif/etharp.o
 .comment       0x00000000       0x71 ./lwip-1.4.1/src/core/ipv4/icmp.o
 .comment       0x00000000       0x71 ./lwip-1.4.1/src/core/ipv4/inet_chksum.o
 .comment       0x00000000       0x71 ./lwip-1.4.1/src/core/ipv4/ip.o
 .comment       0x00000000       0x71 ./lwip-1.4.1/src/core/ipv4/ip_addr.o
 .comment       0x00000000       0x71 ./lwip-1.4.1/src/core/ipv4/ip_frag.o
 .comment       0x00000000       0x71 ./lwip-1.4.1/src/core/def.o
 .comment       0x00000000       0x71 ./lwip-1.4.1/src/core/mem.o
 .comment       0x00000000       0x71 ./lwip-1.4.1/src/core/memp.o
 .comment       0x00000000       0x71 ./lwip-1.4.1/src/core/netif.o
 .comment       0x00000000       0x71 ./lwip-1.4.1/src/core/pbuf.o
 .comment       0x00000000       0x71 ./lwip-1.4.1/src/core/raw.o
 .comment       0x00000000       0x71 ./lwip-1.4.1/src/core/stats.o
 .comment       0x00000000       0x71 ./lwip-1.4.1/src/core/tcp.o
 .comment       0x00000000       0x71 ./lwip-1.4.1/src/core/tcp_in.o
 .comment       0x00000000       0x71 ./lwip-1.4.1/src/core/tcp_out.o
 .comment       0x00000000       0x71 ./lwip-1.4.1/src/core/timers.o
 .comment       0x00000000       0x71 ./lwip-1.4.1/src/core/udp.o
 .comment       0x00000000       0x71 ./lwip-1.4.1/port/ethernetif.o
 .comment       0x00000000       0x71 ./cmsis/system_stm32f10x.o
 .comment       0x00000000       0x71 ./STM32_ETH_Driver/src/stm32_eth.o
 .comment       0x00000000       0x71 ./STM32F107_BSP_Driver/src/stm32f107_eth_bsp.o
 .comment       0x00000000       0x71 ./ETH_Options/src/netconf.o
 .comment       0x00000000       0x71 ./main.o

.ARM.attributes
                0x00000000       0x31
 .ARM.attributes
                0x00000000       0x33 ./startup/startup_stm32f10x_cl.o
 .ARM.attributes
                0x00000033       0x33 ./src/misc.o
 .ARM.attributes
                0x00000066       0x33 ./src/stm32f107.o
 .ARM.attributes
                0x00000099       0x33 ./src/stm32f10x_gpio.o
 .ARM.attributes
                0x000000cc       0x33 ./src/stm32f10x_rcc.o
 .ARM.attributes
                0x000000ff       0x33 ./lwip-1.4.1/src/netif/etharp.o
 .ARM.attributes
                0x00000132       0x33 ./lwip-1.4.1/src/core/ipv4/icmp.o
 .ARM.attributes
                0x00000165       0x33 ./lwip-1.4.1/src/core/ipv4/inet_chksum.o
 .ARM.attributes
                0x00000198       0x33 ./lwip-1.4.1/src/core/ipv4/ip.o
 .ARM.attributes
                0x000001cb       0x33 ./lwip-1.4.1/src/core/ipv4/ip_addr.o
 .ARM.attributes
                0x000001fe       0x33 ./lwip-1.4.1/src/core/ipv4/ip_frag.o
 .ARM.attributes
                0x00000231       0x33 ./lwip-1.4.1/src/core/def.o
 .ARM.attributes
                0x00000264       0x33 ./lwip-1.4.1/src/core/mem.o
 .ARM.attributes
                0x00000297       0x33 ./lwip-1.4.1/src/core/memp.o
 .ARM.attributes
                0x000002ca       0x33 ./lwip-1.4.1/src/core/netif.o
 .ARM.attributes
                0x000002fd       0x33 ./lwip-1.4.1/src/core/pbuf.o
 .ARM.attributes
                0x00000330       0x33 ./lwip-1.4.1/src/core/raw.o
 .ARM.attributes
                0x00000363       0x33 ./lwip-1.4.1/src/core/stats.o
 .ARM.attributes
                0x00000396       0x33 ./lwip-1.4.1/src/core/tcp.o
 .ARM.attributes
                0x000003c9       0x33 ./lwip-1.4.1/src/core/tcp_in.o
 .ARM.attributes
                0x000003fc       0x33 ./lwip-1.4.1/src/core/tcp_out.o
 .ARM.attributes
                0x0000042f       0x33 ./lwip-1.4.1/src/core/timers.o
 .ARM.attributes
                0x00000462       0x33 ./lwip-1.4.1/src/core/udp.o
 .ARM.attributes
                0x00000495       0x33 ./lwip-1.4.1/port/ethernetif.o
 .ARM.attributes
                0x000004c8       0x33 ./cmsis/system_stm32f10x.o
 .ARM.attributes
                0x000004fb       0x33 ./STM32_ETH_Driver/src/stm32_eth.o
 .ARM.attributes
                0x0000052e       0x33 ./STM32F107_BSP_Driver/src/stm32f107_eth_bsp.o
 .ARM.attributes
                0x00000561       0x33 ./ETH_Options/src/netconf.o
 .ARM.attributes
                0x00000594       0x33 ./main.o
 .ARM.attributes
                0x000005c7       0x2d f:/eclipse/gcc/bin/../lib/gcc/arm-none-eabi/4.9.3/../../../../arm-none-eabi/lib/armv7-m\libg.a(lib_a-memcmp.o)
 .ARM.attributes
                0x000005f4       0x1b f:/eclipse/gcc/bin/../lib/gcc/arm-none-eabi/4.9.3/../../../../arm-none-eabi/lib/armv7-m\libg.a(lib_a-memcpy.o)
 .ARM.attributes
                0x0000060f       0x2d f:/eclipse/gcc/bin/../lib/gcc/arm-none-eabi/4.9.3/../../../../arm-none-eabi/lib/armv7-m\libg.a(lib_a-memset.o)

.debug_frame    0x00000000     0x3cfc
 .debug_frame   0x00000000       0x54 ./startup/startup_stm32f10x_cl.o
 .debug_frame   0x00000054       0xd8 ./src/misc.o
 .debug_frame   0x0000012c       0x60 ./src/stm32f107.o
 .debug_frame   0x0000018c      0x2d8 ./src/stm32f10x_gpio.o
 .debug_frame   0x00000464      0x66c ./src/stm32f10x_rcc.o
 .debug_frame   0x00000ad0      0x298 ./lwip-1.4.1/src/netif/etharp.o
 .debug_frame   0x00000d68       0xb0 ./lwip-1.4.1/src/core/ipv4/icmp.o
 .debug_frame   0x00000e18       0xd8 ./lwip-1.4.1/src/core/ipv4/inet_chksum.o
 .debug_frame   0x00000ef0       0xb4 ./lwip-1.4.1/src/core/ipv4/ip.o
 .debug_frame   0x00000fa4      0x100 ./lwip-1.4.1/src/core/ipv4/ip_addr.o
 .debug_frame   0x000010a4      0x1c0 ./lwip-1.4.1/src/core/ipv4/ip_frag.o
 .debug_frame   0x00001264       0xb0 ./lwip-1.4.1/src/core/def.o
 .debug_frame   0x00001314      0x100 ./lwip-1.4.1/src/core/mem.o
 .debug_frame   0x00001414       0x88 ./lwip-1.4.1/src/core/memp.o
 .debug_frame   0x0000149c      0x214 ./lwip-1.4.1/src/core/netif.o
 .debug_frame   0x000016b0      0x32c ./lwip-1.4.1/src/core/pbuf.o
 .debug_frame   0x000019dc      0x158 ./lwip-1.4.1/src/core/raw.o
 .debug_frame   0x00001b34       0xe8 ./lwip-1.4.1/src/core/stats.o
 .debug_frame   0x00001c1c      0x5d4 ./lwip-1.4.1/src/core/tcp.o
 .debug_frame   0x000021f0      0x138 ./lwip-1.4.1/src/core/tcp_in.o
 .debug_frame   0x00002328      0x2c0 ./lwip-1.4.1/src/core/tcp_out.o
 .debug_frame   0x000025e8      0x154 ./lwip-1.4.1/src/core/timers.o
 .debug_frame   0x0000273c      0x1f8 ./lwip-1.4.1/src/core/udp.o
 .debug_frame   0x00002934      0x17c ./lwip-1.4.1/port/ethernetif.o
 .debug_frame   0x00002ab0       0x98 ./cmsis/system_stm32f10x.o
 .debug_frame   0x00002b48      0xf48 ./STM32_ETH_Driver/src/stm32_eth.o
 .debug_frame   0x00003a90       0xcc ./STM32F107_BSP_Driver/src/stm32f107_eth_bsp.o
 .debug_frame   0x00003b5c       0xc4 ./ETH_Options/src/netconf.o
 .debug_frame   0x00003c20       0x70 ./main.o
 .debug_frame   0x00003c90       0x38 f:/eclipse/gcc/bin/../lib/gcc/arm-none-eabi/4.9.3/../../../../arm-none-eabi/lib/armv7-m\libg.a(lib_a-memcmp.o)
 .debug_frame   0x00003cc8       0x34 f:/eclipse/gcc/bin/../lib/gcc/arm-none-eabi/4.9.3/../../../../arm-none-eabi/lib/armv7-m\libg.a(lib_a-memset.o)
